// Jest Snapshot v1, https://goo.gl/fbAQLP

exports[`<Item /> renders and matches the snapshot 1`] = `
<ForwardRef(ItemStyles__Item)>
  <img
    alt="A Cool Item"
    src="dog.jpg"
  />
  <ForwardRef(Title)>
    <Link
      href={
        Object {
          "pathname": "/item",
          "query": Object {
            "id": "ABC123",
          },
        }
      }
    >
      <a>
        A Cool Item
      </a>
    </Link>
  </ForwardRef(Title)>
  <ForwardRef(PriceTag)>
    $50
  </ForwardRef(PriceTag)>
  <p>
    This item is really cool!
  </p>
  <div
    className="buttonList"
  >
    <Link
      href={
        Object {
          "pathname": "update",
          "query": Object {
            "id": "ABC123",
          },
        }
      }
    >
      <a>
        Edit ‚úè 
      </a>
    </Link>
    <button>
      Add To Cart
    </button>
    <DeleteItem
      id="ABC123"
    >
      Delete this item
    </DeleteItem>
  </div>
</ForwardRef(ItemStyles__Item)>
`;
